// Jest Snapshot v1, https://goo.gl/fbAQLP

exports[`Release rendering works 1`] = `
Object {
  "attachments": Array [
    Object {
      "color": "#24292f",
      "fallback": "bkeepers/dotenv v1.0.0 released",
      "footer": "<https://github.com/bkeepers/dotenv|bkeepers/dotenv>",
      "footer_icon": "https://assets-cdn.github.com/favicon.ico",
      "mrkdwn_in": Array [
        "text",
      ],
      "text": "bkeepers/dotenv <https://github.com/octocat/Hello-World/releases/v1.0.0|v1.0.0> released from \`master\`",
    },
  ],
}
`;
